Archive member included to satisfy reference by file (symbol)

d:/users/arhitect/documents/avr8-gnu-toolchain-3.6.2.1759-win32.any.x86/avr8-gnu-toolchain-win32_x86/bin/../lib/gcc/avr/5.4.0/../../../../avr/lib/avr51\libprintf_flt.a(vfprintf_flt.o)
                              (vfprintf)
d:/users/arhitect/documents/avr8-gnu-toolchain-3.6.2.1759-win32.any.x86/avr8-gnu-toolchain-win32_x86/bin/../lib/gcc/avr/5.4.0/avr51\libgcc.a(_udivmodqi4.o)
                              USART.o (__udivmodqi4)
d:/users/arhitect/documents/avr8-gnu-toolchain-3.6.2.1759-win32.any.x86/avr8-gnu-toolchain-win32_x86/bin/../lib/gcc/avr/5.4.0/avr51\libgcc.a(_udivmodhi4.o)
                              USART.o (__udivmodhi4)
d:/users/arhitect/documents/avr8-gnu-toolchain-3.6.2.1759-win32.any.x86/avr8-gnu-toolchain-win32_x86/bin/../lib/gcc/avr/5.4.0/avr51\libgcc.a(_udivmodsi4.o)
                              USART.o (__udivmodsi4)
d:/users/arhitect/documents/avr8-gnu-toolchain-3.6.2.1759-win32.any.x86/avr8-gnu-toolchain-win32_x86/bin/../lib/gcc/avr/5.4.0/avr51\libgcc.a(_exit.o)
                              d:/users/arhitect/documents/avr8-gnu-toolchain-3.6.2.1759-win32.any.x86/avr8-gnu-toolchain-win32_x86/bin/../lib/gcc/avr/5.4.0/../../../../avr/lib/avr51/crtatmega1284p.o (exit)
d:/users/arhitect/documents/avr8-gnu-toolchain-3.6.2.1759-win32.any.x86/avr8-gnu-toolchain-win32_x86/bin/../lib/gcc/avr/5.4.0/avr51\libgcc.a(_tablejump2.o)
                              main.o (__tablejump2__)
d:/users/arhitect/documents/avr8-gnu-toolchain-3.6.2.1759-win32.any.x86/avr8-gnu-toolchain-win32_x86/bin/../lib/gcc/avr/5.4.0/avr51\libgcc.a(_copy_data.o)
                              Garmin_LIDAR_Lite_v3HP.o (__do_copy_data)
d:/users/arhitect/documents/avr8-gnu-toolchain-3.6.2.1759-win32.any.x86/avr8-gnu-toolchain-win32_x86/bin/../lib/gcc/avr/5.4.0/avr51\libgcc.a(_clear_bss.o)
                              battery_pack.o (__do_clear_bss)
d:/users/arhitect/documents/avr8-gnu-toolchain-3.6.2.1759-win32.any.x86/avr8-gnu-toolchain-win32_x86/bin/../lib/gcc/avr/5.4.0/avr51\libgcc.a(_mulshisi3.o)
                              USART.o (__mulshisi3)
d:/users/arhitect/documents/avr8-gnu-toolchain-3.6.2.1759-win32.any.x86/avr8-gnu-toolchain-win32_x86/bin/../lib/gcc/avr/5.4.0/avr51\libgcc.a(_muluhisi3.o)
                              d:/users/arhitect/documents/avr8-gnu-toolchain-3.6.2.1759-win32.any.x86/avr8-gnu-toolchain-win32_x86/bin/../lib/gcc/avr/5.4.0/avr51\libgcc.a(_mulshisi3.o) (__muluhisi3)
d:/users/arhitect/documents/avr8-gnu-toolchain-3.6.2.1759-win32.any.x86/avr8-gnu-toolchain-win32_x86/bin/../lib/gcc/avr/5.4.0/avr51\libgcc.a(_umulhisi3.o)
                              d:/users/arhitect/documents/avr8-gnu-toolchain-3.6.2.1759-win32.any.x86/avr8-gnu-toolchain-win32_x86/bin/../lib/gcc/avr/5.4.0/avr51\libgcc.a(_muluhisi3.o) (__umulhisi3)
d:/users/arhitect/documents/avr8-gnu-toolchain-3.6.2.1759-win32.any.x86/avr8-gnu-toolchain-win32_x86/bin/../lib/gcc/avr/5.4.0/../../../../avr/lib/avr51\libm.a(addsf3.o)
                              main.o (__subsf3)
d:/users/arhitect/documents/avr8-gnu-toolchain-3.6.2.1759-win32.any.x86/avr8-gnu-toolchain-win32_x86/bin/../lib/gcc/avr/5.4.0/../../../../avr/lib/avr51\libm.a(addsf3x.o)
                              d:/users/arhitect/documents/avr8-gnu-toolchain-3.6.2.1759-win32.any.x86/avr8-gnu-toolchain-win32_x86/bin/../lib/gcc/avr/5.4.0/../../../../avr/lib/avr51\libm.a(addsf3.o) (__addsf3x)
d:/users/arhitect/documents/avr8-gnu-toolchain-3.6.2.1759-win32.any.x86/avr8-gnu-toolchain-win32_x86/bin/../lib/gcc/avr/5.4.0/../../../../avr/lib/avr51\libm.a(cmpsf2.o)
                              main.o (__ltsf2)
d:/users/arhitect/documents/avr8-gnu-toolchain-3.6.2.1759-win32.any.x86/avr8-gnu-toolchain-win32_x86/bin/../lib/gcc/avr/5.4.0/../../../../avr/lib/avr51\libm.a(divsf3.o)
                              main.o (__divsf3)
d:/users/arhitect/documents/avr8-gnu-toolchain-3.6.2.1759-win32.any.x86/avr8-gnu-toolchain-win32_x86/bin/../lib/gcc/avr/5.4.0/../../../../avr/lib/avr51\libm.a(divsf3x.o)
                              d:/users/arhitect/documents/avr8-gnu-toolchain-3.6.2.1759-win32.any.x86/avr8-gnu-toolchain-win32_x86/bin/../lib/gcc/avr/5.4.0/../../../../avr/lib/avr51\libm.a(divsf3.o) (__divsf3x)
d:/users/arhitect/documents/avr8-gnu-toolchain-3.6.2.1759-win32.any.x86/avr8-gnu-toolchain-win32_x86/bin/../lib/gcc/avr/5.4.0/../../../../avr/lib/avr51\libm.a(fixunssfsi.o)
                              main.o (__fixunssfsi)
d:/users/arhitect/documents/avr8-gnu-toolchain-3.6.2.1759-win32.any.x86/avr8-gnu-toolchain-win32_x86/bin/../lib/gcc/avr/5.4.0/../../../../avr/lib/avr51\libm.a(floatsisf.o)
                              main.o (__floatunsisf)
d:/users/arhitect/documents/avr8-gnu-toolchain-3.6.2.1759-win32.any.x86/avr8-gnu-toolchain-win32_x86/bin/../lib/gcc/avr/5.4.0/../../../../avr/lib/avr51\libm.a(floor.o)
                              main.o (floor)
[...]
Memory Configuration

Name             Origin             Length             Attributes
text             0x00000000         0x00020000         xr
data             0x00800100         0x0000ff00         rw !x
eeprom           0x00810000         0x00010000         rw !x
fuse             0x00820000         0x00000003         rw !x
lock             0x00830000         0x00000400         rw !x
signature        0x00840000         0x00000400         rw !x
user_signatures  0x00850000         0x00000400         rw !x
*default*        0x00000000         0xffffffff

Linker script and memory map

Address of section .data set to 0x800100
LOAD d:/users/arhitect/documents/avr8-gnu-toolchain-3.6.2.1759-win32.any.x86/avr8-gnu-toolchain-win32_x86/bin/../lib/gcc/avr/5.4.0/../../../../avr/lib/avr51/crtatmega1284p.o
LOAD d:/users/arhitect/documents/avr8-gnu-toolchain-3.6.2.1759-win32.any.x86/avr8-gnu-toolchain-win32_x86/bin/../lib/gcc/avr/5.4.0/../../../../avr/lib/avr51\libm.a
LOAD d:/users/arhitect/documents/avr8-gnu-toolchain-3.6.2.1759-win32.any.x86/avr8-gnu-toolchain-win32_x86/bin/../lib/gcc/avr/5.4.0/../../../../avr/lib/avr51\libprintf_flt.a
LOAD d:/users/arhitect/documents/avr8-gnu-toolchain-3.6.2.1759-win32.any.x86/avr8-gnu-toolchain-win32_x86/bin/../lib/gcc/avr/5.4.0/../../../../avr/lib/avr51\libprintf_min.a
LOAD battery_pack.o
LOAD FM25V10.o
LOAD fuse.o
LOAD Garmin_LIDAR_Lite_v3HP.o
LOAD i2c.o
LOAD lcd_display.o
LOAD main.o
LOAD oled_ssd1306.o
LOAD pca9685.o
LOAD PCA9685_PWM_Controller.o
LOAD PCF8575_i2c_Expander.o
LOAD reportUART_12bytes.o
LOAD sharp_IRED_PSD_sensor.o
LOAD stepper_motor.o
LOAD USART.o
LOAD vibration_sensor.o
START GROUP
LOAD d:/users/arhitect/documents/avr8-gnu-toolchain-3.6.2.1759-win32.any.x86/avr8-gnu-toolchain-win32_x86/bin/../lib/gcc/avr/5.4.0/avr51\libgcc.a
LOAD d:/users/arhitect/documents/avr8-gnu-toolchain-3.6.2.1759-win32.any.x86/avr8-gnu-toolchain-win32_x86/bin/../lib/gcc/avr/5.4.0/../../../../avr/lib/avr51\libm.a
LOAD d:/users/arhitect/documents/avr8-gnu-toolchain-3.6.2.1759-win32.any.x86/avr8-gnu-toolchain-win32_x86/bin/../lib/gcc/avr/5.4.0/../../../../avr/lib/avr51\libc.a
LOAD d:/users/arhitect/documents/avr8-gnu-toolchain-3.6.2.1759-win32.any.x86/avr8-gnu-toolchain-win32_x86/bin/../lib/gcc/avr/5.4.0/../../../../avr/lib/avr51\libatmega1284p.a
END GROUP
                0x00020000                __TEXT_REGION_LENGTH__ = DEFINED (__TEXT_REGION_LENGTH__)?__TEXT_REGION_LENGTH__:0x20000
                0x0000ff00                __DATA_REGION_LENGTH__ = DEFINED (__DATA_REGION_LENGTH__)?__DATA_REGION_LENGTH__:0xff00
                0x00010000                __EEPROM_REGION_LENGTH__ = DEFINED (__EEPROM_REGION_LENGTH__)?__EEPROM_REGION_LENGTH__:0x10000
                [0x00000003]                __FUSE_REGION_LENGTH__ = DEFINED (__FUSE_REGION_LENGTH__)?__FUSE_REGION_LENGTH__:0x400
                0x00000400                __LOCK_REGION_LENGTH__ = DEFINED (__LOCK_REGION_LENGTH__)?__LOCK_REGION_LENGTH__:0x400
                0x00000400                __SIGNATURE_REGION_LENGTH__ = DEFINED (__SIGNATURE_REGION_LENGTH__)?__SIGNATURE_REGION_LENGTH__:0x400
                0x00000400                __USER_SIGNATURE_REGION_LENGTH__ = DEFINED (__USER_SIGNATURE_REGION_LENGTH__)?__USER_SIGNATURE_REGION_LENGTH__:0x400

.hash
 *(.hash)

.dynsym
 *(.dynsym)

.dynstr
 *(.dynstr)

.gnu.version
 *(.gnu.version)

.gnu.version_d
 *(.gnu.version_d)

.gnu.version_r
 *(.gnu.version_r)

.rel.init
 *(.rel.init)

.rela.init
 *(.rela.init)

.rel.text
 *(.rel.text)
 *(.rel.text.*)
 *(.rel.gnu.linkonce.t*)

.rela.text
 *(.rela.text)
 *(.rela.text.*)
 *(.rela.gnu.linkonce.t*)

.rel.fini
 *(.rel.fini)

.rela.fini
 *(.rela.fini)

.rel.rodata
 *(.rel.rodata)
 *(.rel.rodata.*)
 *(.rel.gnu.linkonce.r*)

.rela.rodata
 *(.rela.rodata)
 *(.rela.rodata.*)
 *(.rela.gnu.linkonce.r*)

.rel.data
 *(.rel.data)
 *(.rel.data.*)
 *(.rel.gnu.linkonce.d*)

.rela.data
 *(.rela.data)
 *(.rela.data.*)
 *(.rela.gnu.linkonce.d*)

.rel.ctors
 *(.rel.ctors)

.rela.ctors
 *(.rela.ctors)

.rel.dtors
 *(.rel.dtors)

.rela.dtors
 *(.rela.dtors)

.rel.got
 *(.rel.got)

.rela.got
 *(.rela.got)

.rel.bss
 *(.rel.bss)

.rela.bss
 *(.rela.bss)

.rel.plt
 *(.rel.plt)

.rela.plt
 *(.rela.plt)

.text           0x00000000     0x5aa4
 *(.vectors)
 .vectors       0x00000000       0x8c d:/users/arhitect/documents/avr8-gnu-toolchain-3.6.2.1759-win32.any.x86/avr8-gnu-toolchain-win32_x86/bin/../lib/gcc/avr/5.4.0/../../../../avr/lib/avr51/crtatmega1284p.o
                0x00000000                __vector_default
                0x00000000                __vectors
 *(.vectors)
 *(.progmem.gcc*)
 .progmem.gcc_sw_table.pcLinkSerial
                0x0000008c       0xa8 main.o
 .progmem.gcc_fplib
                0x00000134       0x28 d:/users/arhitect/documents/avr8-gnu-toolchain-3.6.2.1759-win32.any.x86/avr8-gnu-toolchain-win32_x86/bin/../lib/gcc/avr/5.4.0/../../../../avr/lib/avr51\libm.a(exp.o)
 .progmem.gcc_fplib
                0x0000015c       0x5a d:/users/arhitect/documents/avr8-gnu-toolchain-3.6.2.1759-win32.any.x86/avr8-gnu-toolchain-win32_x86/bin/../lib/gcc/avr/5.4.0/../../../../avr/lib/avr51\libm.a(log.o)
                0x000001b6                . = ALIGN (0x2)
                0x000001b6                __trampolines_start = .
 *(.trampolines)
 .trampolines   0x000001b6        0x0 linker stubs
 *(.trampolines*)
                0x000001b6                __trampolines_end = .
 *libprintf_flt.a:*(.progmem.data)
 .progmem.data  0x000001b6        0x8 d:/users/arhitect/documents/avr8-gnu-toolchain-3.6.2.1759-win32.any.x86/avr8-gnu-toolchain-win32_x86/bin/../lib/gcc/avr/5.4.0/../../../../avr/lib/avr51\libprintf_flt.a(vfprintf_flt.o)
 *libc.a:*(.progmem.data)
 .progmem.data  0x000001be       0xfa d:/users/arhitect/documents/avr8-gnu-toolchain-3.6.2.1759-win32.any.x86/avr8-gnu-toolchain-win32_x86/bin/../lib/gcc/avr/5.4.0/../../../../avr/lib/avr51\libc.a(ftoa_engine.o)
 *(.progmem*)
 .progmem.data.__c.3008
                0x000002b8       0x11 main.o
                0x000002ca                . = ALIGN (0x2)
 *fill*         0x000002c9        0x1 
 *(.jumptables)
 *(.jumptables*)
 *(.lowtext)
 *(.lowtext*)
                0x000002ca                __ctors_start = .
 *(.ctors)
                0x000002ca                __ctors_end = .
                0x000002ca                __dtors_start = .
 *(.dtors)
                0x000002ca                __dtors_end = .
 SORT(*)(.ctors)
 SORT(*)(.dtors)
 *(.init0)
 .init0         0x000002ca        0x0 d:/users/arhitect/documents/avr8-gnu-toolchain-3.6.2.1759-win32.any.x86/avr8-gnu-toolchain-win32_x86/bin/../lib/gcc/avr/5.4.0/../../../../avr/lib/avr51/crtatmega1284p.o
                0x000002ca                __init
 *(.init0)
 *(.init1)
 *(.init1)
 *(.init2)
 .init2         0x000002ca        0xc d:/users/arhitect/documents/avr8-gnu-toolchain-3.6.2.1759-win32.any.x86/avr8-gnu-toolchain-win32_x86/bin/../lib/gcc/avr/5.4.0/../../../../avr/lib/avr51/crtatmega1284p.o
 *(.init2)
 *(.init3)
 *(.init3)
 *(.init4)
 .init4         0x000002d6       0x1a d:/users/arhitect/documents/avr8-gnu-toolchain-3.6.2.1759-win32.any.x86/avr8-gnu-toolchain-win32_x86/bin/../lib/gcc/avr/5.4.0/avr51\libgcc.a(_copy_data.o)
                0x000002d6                __do_copy_data
 .init4         0x000002f0       0x10 d:/users/arhitect/documents/avr8-gnu-toolchain-3.6.2.1759-win32.any.x86/avr8-gnu-toolchain-win32_x86/bin/../lib/gcc/avr/5.4.0/avr51\libgcc.a(_clear_bss.o)
                0x000002f0                __do_clear_bss
 *(.init4)
 *(.init5)
 *(.init5)
 *(.init6)
 *(.init6)
 *(.init7)
 *(.init7)
 *(.init8)
 *(.init8)
 *(.init9)
 .init9         0x00000300        0x8 d:/users/arhitect/documents/avr8-gnu-toolchain-3.6.2.1759-win32.any.x86/avr8-gnu-toolchain-win32_x86/bin/../lib/gcc/avr/5.4.0/../../../../avr/lib/avr51/crtatmega1284p.o
 *(.init9)
 *(.text)
 .text          0x00000308        0x4 d:/users/arhitect/documents/avr8-gnu-toolchain-3.6.2.1759-win32.any.x86/avr8-gnu-toolchain-win32_x86/bin/../lib/gcc/avr/5.4.0/../../../../avr/lib/avr51/crtatmega1284p.o
                0x00000308                __vector_22
                0x00000308                __vector_28
                0x00000308                __vector_1
                0x00000308                __vector_32
                0x00000308                __vector_34
                0x00000308                __vector_12
                0x00000308                __bad_interrupt
                0x00000308                __vector_31
                0x00000308                __vector_3
                0x00000308                __vector_23
                0x00000308                __vector_30
                0x00000308                __vector_25
                0x00000308                __vector_11
                0x00000308                __vector_13
                0x00000308                __vector_17
                0x00000308                __vector_19
                0x00000308                __vector_7
                0x00000308                __vector_27
                0x00000308                __vector_5
                0x00000308                __vector_33
                0x00000308                __vector_4
                0x00000308                __vector_9
                0x00000308                __vector_2
                0x00000308                __vector_21
                0x00000308                __vector_29
                0x00000308                __vector_8
                0x00000308                __vector_26
                0x00000308                __vector_14
                0x00000308                __vector_10
                0x00000308                __vector_18
                0x00000308                __vector_20
                0x0000030c                . = ALIGN (0x2)
 *(.text.*)
 .text.avr-libc
                0x0000030c      0x74c d:/users/arhitect/documents/avr8-gnu-toolchain-3.6.2.1759-win32.any.x86/avr8-gnu-toolchain-win32_x86/bin/../lib/gcc/avr/5.4.0/../../../../avr/lib/avr51\libprintf_flt.a(vfprintf_flt.o)
                0x0000030c                vfprintf
 .text.setup_ADC_sleepmode
                0x00000a58       0x14 battery_pack.o
                0x00000a58                setup_ADC_sleepmode
 .text.fetchDataADC
                0x00000a6c       0x30 battery_pack.o
                0x00000a6c                fetchDataADC
 .text.oversample16x
                0x00000a9c       0x3a battery_pack.o
                0x00000a9c                oversample16x
 .text.initSPI  0x00000ad6       0x1e FM25V10.o
                0x00000ad6                initSPI
 .text.SPI_tradeByte
                0x00000af4        0xa FM25V10.o
                0x00000af4                SPI_tradeByte
 .text.FRAM_send24BitAddress
                0x00000afe       0x1a FM25V10.o
                0x00000afe                FRAM_send24BitAddress
 .text.FRAM_writeEnable
                0x00000b18        0xc FM25V10.o
                0x00000b18                FRAM_writeEnable
 .text.FRAM_readByte
                0x00000b24       0x30 FM25V10.o
                0x00000b24                FRAM_readByte
 .text.FRAM_writeByte
                0x00000b54       0x3e FM25V10.o
                0x00000b54                FRAM_writeByte
 .text.FRAM_readWord
                0x00000b92       0x4e FM25V10.o
                0x00000b92                FRAM_readWord
 .text.FRAM_writeWord
                0x00000be0       0x42 FM25V10.o
                0x00000be0                FRAM_writeWord
 .text.FRAM_clearAll
                0x00000c22       0x4a FM25V10.o
                0x00000c22                FRAM_clearAll
 .text.LIDAR_scanArea
                0x00000c6c       0x7c Garmin_LIDAR_Lite_v3HP.o
                0x00000c6c                LIDAR_scanArea
 .text.check_LIDAR_busyFlag
                0x00000ce8       0xc4 Garmin_LIDAR_Lite_v3HP.o
                0x00000ce8                check_LIDAR_busyFlag
 .text.LIDAR_shuttle_Data
                0x00000dac       0xbe Garmin_LIDAR_Lite_v3HP.o
                0x00000dac                LIDAR_shuttle_Data
 .text.initI2C  0x00000e6a       0x18 i2c.o
                0x00000e6a                initI2C
 .text.i2cWaitForComplete
                0x00000e82        0xa i2c.o
                0x00000e82                i2cWaitForComplete
 .text.i2cStart
                0x00000e8c        0xa i2c.o
                0x00000e8c                i2cStart
 .text.i2cStop  0x00000e96        0x8 i2c.o
                0x00000e96                i2cStop
 .text.i2cReadAck
                0x00000e9e       0x10 i2c.o
                0x00000e9e                i2cReadAck
 .text.i2cReadNoAck
                0x00000eae       0x10 i2c.o
                0x00000eae                i2cReadNoAck
 .text.i2cSend  0x00000ebe        0xe i2c.o
                0x00000ebe                i2cSend
 .text.lcd_out  0x00000ecc       0x1c lcd_display.o
                0x00000ecc                lcd_out
 .text.lcd_nibble_out
                0x00000ee8       0x7c lcd_display.o
                0x00000ee8                lcd_nibble_out
 .text.lcd_clear
                0x00000f64       0x16 lcd_display.o
                0x00000f64                lcd_clear
 .text.lcd_home
                0x00000f7a        0xe lcd_display.o
                0x00000f7a                lcd_home
 .text.lcd_init
                0x00000f88       0x6e lcd_display.o
                0x00000f88                lcd_init
 .text.lcd_write_char
                0x00000ff6       0x3c lcd_display.o
                0x00000ff6                lcd_write_char
 .text.lcd_print_str
                0x00001032       0x58 lcd_display.o
                0x00001032                lcd_print_str
 .text.lcd_write_P
                0x0000108a      0x1da lcd_display.o
                0x0000108a                lcd_write_P
 .text.setRightBridgeState
                0x00001264       0x30 main.o
 .text.setLeftBridgeState
                0x00001294       0x26 main.o
 .text.printTemperature
                0x000012ba       0x6a main.o
 .text.initUSART
                0x00001324       0x22 main.o
                0x00001324                initUSART
 .text.roboDrive
                0x00001346       0xb0 main.o
                0x00001346                roboDrive
 .text.move_Servo_Bidirect
                0x000013f6      0x5b6 main.o
                0x000013f6                move_Servo_Bidirect
 .text.roboDrive_Arm_Testing
                0x000019ac       0xa2 main.o
                0x000019ac                roboDrive_Arm_Testing
 .text.roboDrive_RecoverArms2Parking
                0x00001a4e       0xae main.o
                0x00001a4e                roboDrive_RecoverArms2Parking
 .text.roboDrive_ParkArms
                0x00001afc       0xae main.o
                0x00001afc                roboDrive_ParkArms
 .text.roboDrive_DeployArmsState1
                0x00001baa       0xae main.o
                0x00001baa                roboDrive_DeployArmsState1
 .text.roboDrive_DeployArmsState2
                0x00001c58       0xae main.o
                0x00001c58                roboDrive_DeployArmsState2
 .text.roboDrive_DeployArmsState3
                0x00001d06       0xae main.o
                0x00001d06                roboDrive_DeployArmsState3
 .text.roboDrive_ActivateArms
                0x00001db4       0x4e main.o
                0x00001db4                roboDrive_ActivateArms
 .text.roboDrive_RecoverLeftArm2Parking
                0x00001e02       0x5a main.o
                0x00001e02                roboDrive_RecoverLeftArm2Parking
 .text.roboDrive_RecoverRightArm2Parking
                0x00001e5c       0x5a main.o
                0x00001e5c                roboDrive_RecoverRightArm2Parking
 .text.roboDrive_LookUp
                0x00001eb6        0xc main.o
                0x00001eb6                roboDrive_LookUp
 .text.roboDrive_LookUp_Gradually
                0x00001ec2       0x28 main.o
                0x00001ec2                roboDrive_LookUp_Gradually
 .text.roboDrive_LookDown_Gradually
                0x00001eea       0x28 main.o
                0x00001eea                roboDrive_LookDown_Gradually
 .text.roboDrive_LookDown
                0x00001f12        0xc main.o
                0x00001f12                roboDrive_LookDown
 .text.roboDrive_LookUpFront
                0x00001f1e        0xc main.o
                0x00001f1e                roboDrive_LookUpFront
 .text.roboDrive_LiftUpArms
                0x00001f2a       0xd8 main.o
                0x00001f2a                roboDrive_LiftUpArms
 .text.roboDrive_move_Forward_LeftMechaArm
                0x00002002       0xa4 main.o
                0x00002002                roboDrive_move_Forward_LeftMechaArm
 .text.roboDrive_move_Forward_RightMechaArm
                0x000020a6       0xa4 main.o
                0x000020a6                roboDrive_move_Forward_RightMechaArm
 .text.roboDrive_Crane_LeftArm
                0x0000214a       0xa4 main.o
                0x0000214a                roboDrive_Crane_LeftArm
 .text.roboDrive_Crane_RightArm
                0x000021ee       0xa4 main.o
                0x000021ee                roboDrive_Crane_RightArm
 .text.roboDrive_move_RightMechaArm_CW
                0x00002292       0x28 main.o
                0x00002292                roboDrive_move_RightMechaArm_CW
 .text.roboDrive_move_RightMechaArm_CCW
                0x000022ba       0x28 main.o
                0x000022ba                roboDrive_move_RightMechaArm_CCW
 .text.roboDrive_move_LeftMechaArm_CW
                0x000022e2       0x28 main.o
                0x000022e2                roboDrive_move_LeftMechaArm_CW
 .text.roboDrive_move_LeftMechaArm_CCW
                0x0000230a       0x28 main.o
                0x0000230a                roboDrive_move_LeftMechaArm_CCW
 .text.roboDrive_CloseRightGripper_gradually
                0x00002332       0x28 main.o
                0x00002332                roboDrive_CloseRightGripper_gradually
 .text.roboDrive_OpenRightGripper_gradually
                0x0000235a       0x28 main.o
                0x0000235a                roboDrive_OpenRightGripper_gradually
 .text.roboDrive_CloseLeftGripper_gradually
                0x00002382       0x28 main.o
                0x00002382                roboDrive_CloseLeftGripper_gradually
 .text.roboDrive_OpenLeftGripper_gradually
                0x000023aa       0x28 main.o
                0x000023aa                roboDrive_OpenLeftGripper_gradually
 .text.roboDrive_Rotate_CW_GripperRightMechaArm
                0x000023d2       0x28 main.o
                0x000023d2                roboDrive_Rotate_CW_GripperRightMechaArm
 .text.roboDrive_Rotate_CCW_GripperRightMechaArm
                0x000023fa       0x28 main.o
                0x000023fa                roboDrive_Rotate_CCW_GripperRightMechaArm
 .text.roboDrive_Rotate_CW_GripperLeftMechaArm
                0x00002422       0x28 main.o
                0x00002422                roboDrive_Rotate_CW_GripperLeftMechaArm
 .text.roboDrive_Rotate_CCW_GripperLeftMechaArm
                0x0000244a       0x28 main.o
                0x0000244a                roboDrive_Rotate_CCW_GripperLeftMechaArm
 .text.roboDrive_Deploy_FlatSurfaceProbe
                0x00002472       0x66 main.o
                0x00002472                roboDrive_Deploy_FlatSurfaceProbe
 .text.printTime
                0x000024d8       0xc0 main.o
                0x000024d8                printTime
 .text.printFloat
                0x00002598      0x196 main.o
                0x00002598                printFloat
 .text.distanceTraveled
                0x0000272e       0x52 main.o
                0x0000272e                distanceTraveled
 .text.playNote
                0x00002780       0x34 main.o
                0x00002780                playNote
 .text.help_Readme
                0x000027b4      0x228 main.o
                0x000027b4                help_Readme
 .text.monthsRun
                0x000029dc       0x2a main.o
                0x000029dc                monthsRun
 .text.daysRun  0x00002a06       0x1c main.o
                0x00002a06                daysRun
 .text.hoursRun
                0x00002a22       0xb2 main.o
                0x00002a22                hoursRun
 .text.minutesRun
                0x00002ad4      0x25e main.o
                0x00002ad4                minutesRun
 .text.secondsRun
                0x00002d32       0x4c main.o
                0x00002d32                secondsRun
 .text.telemetryMotorRight
                0x00002d7e       0x48 main.o
                0x00002d7e                telemetryMotorRight
 .text.telemetryMotorLeft
                0x00002dc6       0x46 main.o
                0x00002dc6                telemetryMotorLeft
 .text.set_Time
                0x00002e0c      0x1e4 main.o
                0x00002e0c                set_Time
 .text.set_Kinetics
                0x00002ff0      0x26a main.o
                0x00002ff0                set_Kinetics
 .text.vibration_Scanning
                0x0000325a      0x21a main.o
                0x0000325a                vibration_Scanning
 .text.read_FRAM
                0x00003474      0x136 main.o
                0x00003474                read_FRAM
 .text.temperatureScanner
                0x000035aa      0x460 main.o
                0x000035aa                temperatureScanner
 .text.ping_Distance
                0x00003a0a       0xc4 main.o
                0x00003a0a                ping_Distance
 .text.update_Telemetry
                0x00003ace      0x11c main.o
                0x00003ace                update_Telemetry
 .text.pcLinkSerial
                0x00003bea      0x1f8 main.o
                0x00003bea                pcLinkSerial
 .text.__vector_15
                0x00003de2       0x2e main.o
                0x00003de2                __vector_15
 .text.__vector_16
                0x00003e10       0x66 main.o
                0x00003e10                __vector_16
 .text.__vector_6
                0x00003e76       0x54 main.o
                0x00003e76                __vector_6
 .text.__vector_24
                0x00003eca        0x2 main.o
                0x00003eca                __vector_24
 .text.startup.main
                0x00003ecc      0x48e main.o
                0x00003ecc                main
 .text.initPCA9685
                0x0000435a       0xf2 PCA9685_PWM_Controller.o
                0x0000435a                initPCA9685
 .text.runServo_onPCA9685
                0x0000444c      0x106 PCA9685_PWM_Controller.o
                0x0000444c                runServo_onPCA9685
 .text.pcf8575_Output
                0x00004552       0x26 PCF8575_i2c_Expander.o
                0x00004552                pcf8575_Output
 .text.measureDistance
                0x00004578       0x40 sharp_IRED_PSD_sensor.o
                0x00004578                measureDistance
 .text.stepperDrive_adapted
                0x000045b8       0x48 stepper_motor.o
                0x000045b8                stepperDrive_adapted
 .text.de_EnergizeStepper
                0x00004600        0xa stepper_motor.o
                0x00004600                de_EnergizeStepper
 .text.transmitByte
                0x0000460a        0xe USART.o
                0x0000460a                transmitByte
 .text.receiveByte
                0x00004618        0xe USART.o
                0x00004618                receiveByte
 .text.printString
                0x00004626       0x26 USART.o
                0x00004626                printString
 .text.printByte
                0x0000464c       0x32 USART.o
                0x0000464c                printByte
 .text.printWord
                0x0000467e       0x76 USART.o
                0x0000467e                printWord
 .text.printWord_32
                0x000046f4      0x16c USART.o
                0x000046f4                printWord_32
 .text.printBinaryByte
                0x00004860       0x3c USART.o
                0x00004860                printBinaryByte
 .text.getNumber
                0x0000489c       0x48 USART.o
                0x0000489c                getNumber
 .text.get_16BitNumber
                0x000048e4       0xb0 USART.o
                0x000048e4                get_16BitNumber
 .text.get_32BitNumber
                0x00004994      0x1ac USART.o
                0x00004994                get_32BitNumber
 .text.measure_Vibrations
                0x00004b40      0x1c2 vibration_sensor.o
                0x00004b40                measure_Vibrations
 .text.libgcc.div
                0x00004d02       0x18 d:/users/arhitect/documents/avr8-gnu-toolchain-3.6.2.1759-win32.any.x86/avr8-gnu-toolchain-win32_x86/bin/../lib/gcc/avr/5.4.0/avr51\libgcc.a(_udivmodqi4.o)
                0x00004d02                __udivmodqi4
 .text.libgcc.div
                0x00004d1a       0x28 d:/users/arhitect/documents/avr8-gnu-toolchain-3.6.2.1759-win32.any.x86/avr8-gnu-toolchain-win32_x86/bin/../lib/gcc/avr/5.4.0/avr51\libgcc.a(_udivmodhi4.o)
                0x00004d1a                __udivmodhi4
 .text.libgcc.div
                0x00004d42       0x44 d:/users/arhitect/documents/avr8-gnu-toolchain-3.6.2.1759-win32.any.x86/avr8-gnu-toolchain-win32_x86/bin/../lib/gcc/avr/5.4.0/avr51\libgcc.a(_udivmodsi4.o)
                0x00004d42                __udivmodsi4
 .text.libgcc   0x00004d86       0x12 d:/users/arhitect/documents/avr8-gnu-toolchain-3.6.2.1759-win32.any.x86/avr8-gnu-toolchain-win32_x86/bin/../lib/gcc/avr/5.4.0/avr51\libgcc.a(_tablejump2.o)
                0x00004d86                __tablejump2__
 .text.libgcc.mul
                0x00004d98       0x10 d:/users/arhitect/documents/avr8-gnu-toolchain-3.6.2.1759-win32.any.x86/avr8-gnu-toolchain-win32_x86/bin/../lib/gcc/avr/5.4.0/avr51\libgcc.a(_mulshisi3.o)
                0x00004d98                __mulshisi3
                0x00004d9e                __mulohisi3
 .text.libgcc.mul
                0x00004da8       0x16 d:/users/arhitect/documents/avr8-gnu-toolchain-3.6.2.1759-win32.any.x86/avr8-gnu-toolchain-win32_x86/bin/../lib/gcc/avr/5.4.0/avr51\libgcc.a(_muluhisi3.o)
                0x00004da8                __muluhisi3
 .text.libgcc.mul
                0x00004dbe       0x1e d:/users/arhitect/documents/avr8-gnu-toolchain-3.6.2.1759-win32.any.x86/avr8-gnu-toolchain-win32_x86/bin/../lib/gcc/avr/5.4.0/avr51\libgcc.a(_umulhisi3.o)
                0x00004dbe                __umulhisi3
 .text.avr-libc.fplib
                0x00004ddc        0xe d:/users/arhitect/documents/avr8-gnu-toolchain-3.6.2.1759-win32.any.x86/avr8-gnu-toolchain-win32_x86/bin/../lib/gcc/avr/5.4.0/../../../../avr/lib/avr51\libm.a(addsf3.o)
                0x00004ddc                __subsf3
                0x00004dde                __addsf3
 .text.avr-libc.fplib
                0x00004dea       0xcc d:/users/arhitect/documents/avr8-gnu-toolchain-3.6.2.1759-win32.any.x86/avr8-gnu-toolchain-win32_x86/bin/../lib/gcc/avr/5.4.0/../../../../avr/lib/avr51\libm.a(addsf3x.o)
                0x00004e0c                __addsf3x
 .text.avr-libc.fplib
                0x00004eb6        0xa d:/users/arhitect/documents/avr8-gnu-toolchain-3.6.2.1759-win32.any.x86/avr8-gnu-toolchain-win32_x86/bin/../lib/gcc/avr/5.4.0/../../../../avr/lib/avr51\libm.a(cmpsf2.o)
                0x00004eb6                __nesf2
                0x00004eb6                __eqsf2
                0x00004eb6                __cmpsf2
                0x00004eb6                __ltsf2
                0x00004eb6                __lesf2
 .text.avr-libc.fplib
                0x00004ec0        0x8 d:/users/arhitect/documents/avr8-gnu-toolchain-3.6.2.1759-win32.any.x86/avr8-gnu-toolchain-win32_x86/bin/../lib/gcc/avr/5.4.0/../../../../avr/lib/avr51\libm.a(divsf3.o)
                0x00004ec0                __divsf3
 .text.avr-libc.fplib
                0x00004ec8       0xdc d:/users/arhitect/documents/avr8-gnu-toolchain-3.6.2.1759-win32.any.x86/avr8-gnu-toolchain-win32_x86/bin/../lib/gcc/avr/5.4.0/../../../../avr/lib/avr51\libm.a(divsf3x.o)
                0x00004ee8                __divsf3x
                0x00004eee                __divsf3_pse
 .text.avr-libc.fplib
                0x00004fa4       0x5e d:/users/arhitect/documents/avr8-gnu-toolchain-3.6.2.1759-win32.any.x86/avr8-gnu-toolchain-win32_x86/bin/../lib/gcc/avr/5.4.0/../../../../avr/lib/avr51\libm.a(fixunssfsi.o)
                0x00004fa4                __fixunssfsi
 .text.avr-libc.fplib
                0x00005002       0x7a d:/users/arhitect/documents/avr8-gnu-toolchain-3.6.2.1759-win32.any.x86/avr8-gnu-toolchain-win32_x86/bin/../lib/gcc/avr/5.4.0/../../../../avr/lib/avr51\libm.a(floatsisf.o)
                0x00005002                __floatunsisf
                0x00005006                __floatsisf
 .text.avr-libc.fplib
                0x0000507c       0x2e d:/users/arhitect/documents/avr8-gnu-toolchain-3.6.2.1759-win32.any.x86/avr8-gnu-toolchain-win32_x86/bin/../lib/gcc/avr/5.4.0/../../../../avr/lib/avr51\libm.a(floor.o)
                0x0000507c                floor
 .text.avr-libc.fplib
                0x000050aa       0x48 d:/users/arhitect/documents/avr8-gnu-toolchain-3.6.2.1759-win32.any.x86/avr8-gnu-toolchain-win32_x86/bin/../lib/gcc/avr/5.4.0/../../../../avr/lib/avr51\libm.a(fp_cmp.o)
                0x000050aa                __fp_cmp
 .text.avr-libc.fplib
                0x000050f2        0xc d:/users/arhitect/documents/avr8-gnu-toolchain-3.6.2.1759-win32.any.x86/avr8-gnu-toolchain-win32_x86/bin/../lib/gcc/avr/5.4.0/../../../../avr/lib/avr51\libm.a(fp_inf.o)
                0x000050f2                __fp_inf
 .text.avr-libc.fplib
                0x000050fe       0x36 d:/users/arhitect/documents/avr8-gnu-toolchain-3.6.2.1759-win32.any.x86/avr8-gnu-toolchain-win32_x86/bin/../lib/gcc/avr/5.4.0/../../../../avr/lib/avr51\libm.a(fp_mintl.o)
                0x000050fe                __fp_mintl
 .text.avr-libc.fplib
                0x00005134       0x1c d:/users/arhitect/documents/avr8-gnu-toolchain-3.6.2.1759-win32.any.x86/avr8-gnu-toolchain-win32_x86/bin/../lib/gcc/avr/5.4.0/../../../../avr/lib/avr51\libm.a(fp_mpack.o)
                0x00005134                __fp_mpack
                0x00005138                __fp_mpack_finite
 .text.avr-libc.fplib
                0x00005150        0x6 d:/users/arhitect/documents/avr8-gnu-toolchain-3.6.2.1759-win32.any.x86/avr8-gnu-toolchain-win32_x86/bin/../lib/gcc/avr/5.4.0/../../../../avr/lib/avr51\libm.a(fp_nan.o)
                0x00005150                __fp_nan
 .text.avr-libc.fplib
                0x00005156        0xe d:/users/arhitect/documents/avr8-gnu-toolchain-3.6.2.1759-win32.any.x86/avr8-gnu-toolchain-win32_x86/bin/../lib/gcc/avr/5.4.0/../../../../avr/lib/avr51\libm.a(fp_pscA.o)
                0x00005156                __fp_pscA
 .text.avr-libc.fplib
                0x00005164        0xe d:/users/arhitect/documents/avr8-gnu-toolchain-3.6.2.1759-win32.any.x86/avr8-gnu-toolchain-win32_x86/bin/../lib/gcc/avr/5.4.0/../../../../avr/lib/avr51\libm.a(fp_pscB.o)
                0x00005164                __fp_pscB
 .text.avr-libc.fplib
                0x00005172       0x22 d:/users/arhitect/documents/avr8-gnu-toolchain-3.6.2.1759-win32.any.x86/avr8-gnu-toolchain-win32_x86/bin/../lib/gcc/avr/5.4.0/../../../../avr/lib/avr51\libm.a(fp_round.o)
                0x00005172                __fp_round
 .text.avr-libc.fplib
                0x00005194       0x44 d:/users/arhitect/documents/avr8-gnu-toolchain-3.6.2.1759-win32.any.x86/avr8-gnu-toolchain-win32_x86/bin/../lib/gcc/avr/5.4.0/../../../../avr/lib/avr51\libm.a(fp_split3.o)
                0x00005194                __fp_split3
                0x000051a4                __fp_splitA
 .text.avr-libc.fplib
                0x000051d8       0x30 d:/users/arhitect/documents/avr8-gnu-toolchain-3.6.2.1759-win32.any.x86/avr8-gnu-toolchain-win32_x86/bin/../lib/gcc/avr/5.4.0/../../../../avr/lib/avr51\libm.a(fp_trunc.o)
                0x000051d8                __fp_trunc
 .text.avr-libc.fplib
                0x00005208        0xe d:/users/arhitect/documents/avr8-gnu-toolchain-3.6.2.1759-win32.any.x86/avr8-gnu-toolchain-win32_x86/bin/../lib/gcc/avr/5.4.0/../../../../avr/lib/avr51\libm.a(fp_zero.o)
                0x00005208                __fp_zero
                0x0000520a                __fp_szero
 .text.avr-libc.fplib
                0x00005216        0xa d:/users/arhitect/documents/avr8-gnu-toolchain-3.6.2.1759-win32.any.x86/avr8-gnu-toolchain-win32_x86/bin/../lib/gcc/avr/5.4.0/../../../../avr/lib/avr51\libm.a(gesf2.o)
                0x00005216                __gesf2
                0x00005216                __gtsf2
 .text.avr-libc.fplib
                0x00005220        0x8 d:/users/arhitect/documents/avr8-gnu-toolchain-3.6.2.1759-win32.any.x86/avr8-gnu-toolchain-win32_x86/bin/../lib/gcc/avr/5.4.0/../../../../avr/lib/avr51\libm.a(mulsf3.o)
                0x00005220                __mulsf3
 .text.avr-libc.fplib
                0x00005228       0xd2 d:/users/arhitect/documents/avr8-gnu-toolchain-3.6.2.1759-win32.any.x86/avr8-gnu-toolchain-win32_x86/bin/../lib/gcc/avr/5.4.0/../../../../avr/lib/avr51\libm.a(mulsf3x.o)
                0x00005246                __mulsf3x
                0x0000524c                __mulsf3_pse
 .text.avr-libc.fplib
                0x000052fa       0xa0 d:/users/arhitect/documents/avr8-gnu-toolchain-3.6.2.1759-win32.any.x86/avr8-gnu-toolchain-win32_x86/bin/../lib/gcc/avr/5.4.0/../../../../avr/lib/avr51\libm.a(pow.o)
                0x000052fa                pow
 .text.avr-libc.fplib
                0x0000539a       0x48 d:/users/arhitect/documents/avr8-gnu-toolchain-3.6.2.1759-win32.any.x86/avr8-gnu-toolchain-win32_x86/bin/../lib/gcc/avr/5.4.0/../../../../avr/lib/avr51\libm.a(round.o)
                0x0000539a                round
 .text.avr-libc.fplib
                0x000053e2       0x74 d:/users/arhitect/documents/avr8-gnu-toolchain-3.6.2.1759-win32.any.x86/avr8-gnu-toolchain-win32_x86/bin/../lib/gcc/avr/5.4.0/../../../../avr/lib/avr51\libm.a(exp.o)
                0x000053f2                exp
 .text.avr-libc.fplib
                0x00005456       0x4e d:/users/arhitect/documents/avr8-gnu-toolchain-3.6.2.1759-win32.any.x86/avr8-gnu-toolchain-win32_x86/bin/../lib/gcc/avr/5.4.0/../../../../avr/lib/avr51\libm.a(fp_powser.o)
                0x00005456                __fp_powser
 .text.avr-libc.fplib
                0x000054a4       0x10 d:/users/arhitect/documents/avr8-gnu-toolchain-3.6.2.1759-win32.any.x86/avr8-gnu-toolchain-win32_x86/bin/../lib/gcc/avr/5.4.0/../../../../avr/lib/avr51\libm.a(inverse.o)
                0x000054a4                inverse
 .text.avr-libc.fplib
                0x000054b4       0x74 d:/users/arhitect/documents/avr8-gnu-toolchain-3.6.2.1759-win32.any.x86/avr8-gnu-toolchain-win32_x86/bin/../lib/gcc/avr/5.4.0/../../../../avr/lib/avr51\libm.a(ldexp.o)
                0x000054bc                ldexp
 .text.avr-libc.fplib
                0x00005528       0xa0 d:/users/arhitect/documents/avr8-gnu-toolchain-3.6.2.1759-win32.any.x86/avr8-gnu-toolchain-win32_x86/bin/../lib/gcc/avr/5.4.0/../../../../avr/lib/avr51\libm.a(log.o)
                0x00005538                log
 .text.avr-libc.fplib
                0x000055c8       0x68 d:/users/arhitect/documents/avr8-gnu-toolchain-3.6.2.1759-win32.any.x86/avr8-gnu-toolchain-win32_x86/bin/../lib/gcc/avr/5.4.0/../../../../avr/lib/avr51\libm.a(modf.o)
                0x000055c8                modf
                0x000055c8                modff
 .text.avr-libc
                0x00005630       0x3c d:/users/arhitect/documents/avr8-gnu-toolchain-3.6.2.1759-win32.any.x86/avr8-gnu-toolchain-win32_x86/bin/../lib/gcc/avr/5.4.0/../../../../avr/lib/avr51\libc.a(atoi.o)
                0x00005630                atoi
 .text.avr-libc
                0x0000566c      0x1b0 d:/users/arhitect/documents/avr8-gnu-toolchain-3.6.2.1759-win32.any.x86/avr8-gnu-toolchain-win32_x86/bin/../lib/gcc/avr/5.4.0/../../../../avr/lib/avr51\libc.a(ftoa_engine.o)
                0x0000566c                __ftoa_engine
 .text.avr-libc
                0x0000581c       0x16 d:/users/arhitect/documents/avr8-gnu-toolchain-3.6.2.1759-win32.any.x86/avr8-gnu-toolchain-win32_x86/bin/../lib/gcc/avr/5.4.0/../../../../avr/lib/avr51\libc.a(strnlen_P.o)
                0x0000581c                strnlen_P
 .text.avr-libc
                0x00005832       0x16 d:/users/arhitect/documents/avr8-gnu-toolchain-3.6.2.1759-win32.any.x86/avr8-gnu-toolchain-win32_x86/bin/../lib/gcc/avr/5.4.0/../../../../avr/lib/avr51\libc.a(strcat.o)
                0x00005832                strcat
 .text.avr-libc
                0x00005848       0x12 d:/users/arhitect/documents/avr8-gnu-toolchain-3.6.2.1759-win32.any.x86/avr8-gnu-toolchain-win32_x86/bin/../lib/gcc/avr/5.4.0/../../../../avr/lib/avr51\libc.a(strcmp.o)
                0x00005848                strcmp
 .text.avr-libc
                0x0000585a        0xe d:/users/arhitect/documents/avr8-gnu-toolchain-3.6.2.1759-win32.any.x86/avr8-gnu-toolchain-win32_x86/bin/../lib/gcc/avr/5.4.0/../../../../avr/lib/avr51\libc.a(strcpy.o)
                0x0000585a                strcpy
 .text.avr-libc
                0x00005868       0x16 d:/users/arhitect/documents/avr8-gnu-toolchain-3.6.2.1759-win32.any.x86/avr8-gnu-toolchain-win32_x86/bin/../lib/gcc/avr/5.4.0/../../../../avr/lib/avr51\libc.a(strnlen.o)
                0x00005868                strnlen
 .text.avr-libc
                0x0000587e       0x16 d:/users/arhitect/documents/avr8-gnu-toolchain-3.6.2.1759-win32.any.x86/avr8-gnu-toolchain-win32_x86/bin/../lib/gcc/avr/5.4.0/../../../../avr/lib/avr51\libc.a(itoa.o)
                0x0000587e                __itoa
                0x0000587e                itoa
 .text.avr-libc
                0x00005894       0x16 d:/users/arhitect/documents/avr8-gnu-toolchain-3.6.2.1759-win32.any.x86/avr8-gnu-toolchain-win32_x86/bin/../lib/gcc/avr/5.4.0/../../../../avr/lib/avr51\libc.a(itoa_ncheck.o)
                0x00005894                __itoa_ncheck
 .text.avr-libc
                0x000058aa       0x10 d:/users/arhitect/documents/avr8-gnu-toolchain-3.6.2.1759-win32.any.x86/avr8-gnu-toolchain-win32_x86/bin/../lib/gcc/avr/5.4.0/../../../../avr/lib/avr51\libc.a(mul10.o)
                0x000058aa                __mulhi_const_10
 .text.avr-libc
                0x000058ba       0x34 d:/users/arhitect/documents/avr8-gnu-toolchain-3.6.2.1759-win32.any.x86/avr8-gnu-toolchain-win32_x86/bin/../lib/gcc/avr/5.4.0/../../../../avr/lib/avr51\libc.a(utoa_ncheck.o)
                0x000058ba                __utoa_ncheck
                0x000058bc                __utoa_common
 .text.avr-libc
                0x000058ee       0x78 d:/users/arhitect/documents/avr8-gnu-toolchain-3.6.2.1759-win32.any.x86/avr8-gnu-toolchain-win32_x86/bin/../lib/gcc/avr/5.4.0/../../../../avr/lib/avr51\libc.a(fputc.o)
                0x000058ee                fputc
 .text.avr-libc
                0x00005966       0x5e d:/users/arhitect/documents/avr8-gnu-toolchain-3.6.2.1759-win32.any.x86/avr8-gnu-toolchain-win32_x86/bin/../lib/gcc/avr/5.4.0/../../../../avr/lib/avr51\libc.a(sprintf.o)
                0x00005966                sprintf
 .text.avr-libc
                0x000059c4       0xbc d:/users/arhitect/documents/avr8-gnu-toolchain-3.6.2.1759-win32.any.x86/avr8-gnu-toolchain-win32_x86/bin/../lib/gcc/avr/5.4.0/../../../../avr/lib/avr51\libc.a(ultoa_invert.o)
                0x000059c4                __ultoa_invert
 .text.avr-libc
                0x00005a80       0x20 d:/users/arhitect/documents/avr8-gnu-toolchain-3.6.2.1759-win32.any.x86/avr8-gnu-toolchain-win32_x86/bin/../lib/gcc/avr/5.4.0/../../../../avr/lib/avr51\libc.a(strrev.o)
                0x00005a80                strrev
                0x00005aa0                . = ALIGN (0x2)
 *(.fini9)
 .fini9         0x00005aa0        0x0 d:/users/arhitect/documents/avr8-gnu-toolchain-3.6.2.1759-win32.any.x86/avr8-gnu-toolchain-win32_x86/bin/../lib/gcc/avr/5.4.0/avr51\libgcc.a(_exit.o)
                0x00005aa0                _exit
                0x00005aa0                exit
 *(.fini9)
 *(.fini8)
 *(.fini8)
 *(.fini7)
 *(.fini7)
 *(.fini6)
 *(.fini6)
 *(.fini5)
 *(.fini5)
 *(.fini4)
 *(.fini4)
 *(.fini3)
 *(.fini3)
 *(.fini2)
 *(.fini2)
 *(.fini1)
 *(.fini1)
 *(.fini0)
 .fini0         0x00005aa0        0x4 d:/users/arhitect/documents/avr8-gnu-toolchain-3.6.2.1759-win32.any.x86/avr8-gnu-toolchain-win32_x86/bin/../lib/gcc/avr/5.4.0/avr51\libgcc.a(_exit.o)
 *(.fini0)
                0x00005aa4                _etext = .

.data           0x00800100     0x1c48 load address 0x00005aa4
                0x00800100                PROVIDE (__data_start, .)
 *(.data)
 *(.data*)
 .data.currentNoteLength
                0x00800100        0x2 main.o
                0x00800100                currentNoteLength
 .data.seconds_
                0x00800102        0x1 main.o
                0x00800102                seconds_
 .data.minutes_
                0x00800103        0x1 main.o
                0x00800103                minutes_
 .data.hours_   0x00800104        0x1 main.o
                0x00800104                hours_
 .data.days_    0x00800105        0x1 main.o
                0x00800105                days_
 .data.months_  0x00800106        0x1 main.o
                0x00800106                months_
 .data.year_    0x00800107        0x2 main.o
                0x00800107                year_
 .data.servo_speed_rotation_grippers
                0x00800109        0x1 main.o
                0x00800109                servo_speed_rotation_grippers
 .data.servo_speed_grippers
                0x0080010a        0x1 main.o
                0x0080010a                servo_speed_grippers
 .data.servo_speed_towerdrive
                0x0080010b        0x1 main.o
                0x0080010b                servo_speed_towerdrive
 .data.servo_speed_turning_mecha_arms
                0x0080010c        0x1 main.o
                0x0080010c                servo_speed_turning_mecha_arms
 .data.servo_speed_mecha_arms
                0x0080010d        0x1 main.o
                0x0080010d                servo_speed_mecha_arms
 .data.drive_speed
                0x0080010e        0x1 main.o
                0x0080010e                drive_speed
 .data.stepper_speed
                0x0080010f        0x1 main.o
                0x0080010f                stepper_speed
 .data.direction
                0x00800110        0x1 stepper_motor.o
                0x00800110                direction
 .data.padding  0x00800111        0x1 vibration_sensor.o
                0x00800111                padding
 .data.lowValue
                0x00800112        0x2 vibration_sensor.o
                0x00800112                lowValue
 .data.highValue
                0x00800114        0x2 vibration_sensor.o
                0x00800114                highValue
 .data.middleValue
                0x00800116        0x2 vibration_sensor.o
                0x00800116                middleValue
 *(.gnu.linkonce.d*)
 *(.rodata)
 *(.rodata*)
 .rodata.str1.1
                0x00800118      0x165 Garmin_LIDAR_Lite_v3HP.o
                                0x168 (size before relaxing)
 .rodata.str1.1
                0x0080027d     0x1a67 main.o
                               0x1a82 (size before relaxing)
 .rodata.notes  0x00801ce4       0x24 main.o
                0x00801ce4                notes
 .rodata.motor_Phases
                0x00801d08        0x8 stepper_motor.o
                0x00801d08                motor_Phases
 .rodata.str1.1
                0x00801d10       0x37 vibration_sensor.o
                                 0x39 (size before relaxing)
 *(.gnu.linkonce.r*)
                0x00801d48                . = ALIGN (0x2)
 *fill*         0x00801d47        0x1 
                0x00801d48                _edata = .
                0x00801d48                PROVIDE (__data_end, .)

.bss            0x00801d48       0x8e
                0x00801d48                PROVIDE (__bss_start, .)
 *(.bss)
 *(.bss*)
 .bss.char_counter
                0x00801d48        0x1 lcd_display.o
                0x00801d48                char_counter
 .bss.LIDAR_distance
                0x00801d49        0x2 main.o
                0x00801d49                LIDAR_distance
 .bss.LIDAR_status
                0x00801d4b        0x1 main.o
                0x00801d4b                LIDAR_status
 .bss.test_cycle_num
                0x00801d4c        0x2 main.o
                0x00801d4c                test_cycle_num
 .bss.sys_tick  0x00801d4e        0x2 main.o
                0x00801d4e                sys_tick
 .bss.distance_cm
                0x00801d50        0x4 sharp_IRED_PSD_sensor.o
                0x00801d50                distance_cm
 .bss.stepCounter
                0x00801d54        0x2 stepper_motor.o
                0x00801d54                stepCounter
 .bss.stepPhase
                0x00801d56        0x1 stepper_motor.o
                0x00801d56                stepPhase
 .bss.noiseVolume
                0x00801d57        0x2 vibration_sensor.o
                0x00801d57                noiseVolume
 .bss.lightsOutTimer
                0x00801d59        0x2 vibration_sensor.o
                0x00801d59                lightsOutTimer
 *(COMMON)
 COMMON         0x00801d5b        0x4 battery_pack.o
                0x00801d5b                power_pack_voltage
 COMMON         0x00801d5f       0x6a main.o
                0x00801d5f                ambient_light
                0x00801d61                address
                0x00801d62                move_dir_L
                0x00801d63                distance
                0x00801d67                currentMemoryLocation
                0x00801d6b                tempLowByte
                0x00801d6c                move_knob_L
                0x00801d6d                move_dir_R
                0x00801d6e                scanner_minVal
                0x00801d70                user_input
                0x00801d71                i
                0x00801d75                hall_S2L_pulse
                0x00801d77                i_
                0x00801d79                distance_buffer
                0x00801d8d                temperatureByte
                0x00801d8e                move_knob_R
                0x00801d8f                tempHighByte
                0x00801d90                enterMenu
                0x00801d91                hall_S2R_pulse
                0x00801d93                secondsDelay
                0x00801d95                voltage_buffer
                0x00801da9                temp_buffer
                0x00801dbd                ired_range
                0x00801dbf                LIDAR_range_buffer
 COMMON         0x00801dc9        0x3 PCA9685_PWM_Controller.o
                0x00801dc9                global_address
                0x00801dca                global_freq_pwm
 COMMON         0x00801dcc        0xa vibration_sensor.o
                0x00801dcc                theta_1
                0x00801dd0                theta_0
                0x00801dd4                adcValue
                0x00801dd6                PROVIDE (__bss_end, .)
                0x00005aa4                __data_load_start = LOADADDR (.data)
                0x000076ec                __data_load_end = (__data_load_start + SIZEOF (.data))

.noinit         0x00801dd6        0x0
                [!provide]                PROVIDE (__noinit_start, .)
 *(.noinit*)
                [!provide]                PROVIDE (__noinit_end, .)
                0x00801dd6                _end = .
                [!provide]                PROVIDE (__heap_start, .)

.eeprom         0x00810000        0x0
 *(.eeprom*)
                0x00810000                __eeprom_end = .

.fuse           0x00820000        0x3
 *(.fuse)
 .fuse          0x00820000        0x3 fuse.o
                0x00820000                __fuse
 *(.lfuse)
 *(.hfuse)
 *(.efuse)

.lock
 *(.lock*)

.signature
 *(.signature*)

.user_signatures
 *(.user_signatures*)

.stab
 *(.stab)

.stabstr
 *(.stabstr)

.stab.excl
 *(.stab.excl)

.stab.exclstr
 *(.stab.exclstr)

.stab.index
 *(.stab.index)

.stab.indexstr
 *(.stab.indexstr)

.comment        0x00000000       0x5c
 *(.comment)
 .comment       0x00000000       0x2c d:/users/arhitect/documents/avr8-gnu-toolchain-3.6.2.1759-win32.any.x86/avr8-gnu-toolchain-win32_x86/bin/../lib/gcc/avr/5.4.0/../../../../avr/lib/avr51\libprintf_flt.a(vfprintf_flt.o)
                                 0x2d (size before relaxing)
 .comment       0x0000002c       0x30 battery_pack.o
                                 0x31 (size before relaxing)
 .comment       0x0000005c       0x31 FM25V10.o
 .comment       0x0000005c       0x31 fuse.o
 .comment       0x0000005c       0x31 Garmin_LIDAR_Lite_v3HP.o
 .comment       0x0000005c       0x31 i2c.o
 .comment       0x0000005c       0x31 lcd_display.o
 .comment       0x0000005c       0x31 main.o
 .comment       0x0000005c       0x31 PCA9685_PWM_Controller.o
 .comment       0x0000005c       0x31 PCF8575_i2c_Expander.o
 .comment       0x0000005c       0x31 sharp_IRED_PSD_sensor.o
 .comment       0x0000005c       0x31 stepper_motor.o
 .comment       0x0000005c       0x31 USART.o
 .comment       0x0000005c       0x31 vibration_sensor.o
 .comment       0x0000005c       0x31 d:/users/arhitect/documents/avr8-gnu-toolchain-3.6.2.1759-win32.any.x86/avr8-gnu-toolchain-win32_x86/bin/../lib/gcc/avr/5.4.0/../../../../avr/lib/avr51\libc.a(fputc.o)
 .comment       0x0000005c       0x31 d:/users/arhitect/documents/avr8-gnu-toolchain-3.6.2.1759-win32.any.x86/avr8-gnu-toolchain-win32_x86/bin/../lib/gcc/avr/5.4.0/../../../../avr/lib/avr51\libc.a(sprintf.o)

.note.gnu.avr.deviceinfo
                0x00000000       0x40
 .note.gnu.avr.deviceinfo
                0x00000000       0x40 d:/users/arhitect/documents/avr8-gnu-toolchain-3.6.2.1759-win32.any.x86/avr8-gnu-toolchain-win32_x86/bin/../lib/gcc/avr/5.4.0/../../../../avr/lib/avr51/crtatmega1284p.o

.note.gnu.build-id
 *(.note.gnu.build-id)

.debug
 *(.debug)

.line
 *(.line)

.debug_srcinfo
 *(.debug_srcinfo)

.debug_sfnames
 *(.debug_sfnames)

.debug_aranges  0x00000000      0x538
 *(.debug_aranges)
 .debug_aranges
                0x00000000       0x30 battery_pack.o
 .debug_aranges
                0x00000030       0x98 FM25V10.o
 .debug_aranges
                0x000000c8       0x18 fuse.o
 .debug_aranges
                0x000000e0       0x30 Garmin_LIDAR_Lite_v3HP.o
 .debug_aranges
                0x00000110       0x50 i2c.o
 .debug_aranges
                0x00000160       0x58 lcd_display.o
 .debug_aranges
                0x000001b8      0x230 main.o
 .debug_aranges
                0x000003e8       0x28 PCA9685_PWM_Controller.o
 .debug_aranges
                0x00000410       0x30 PCF8575_i2c_Expander.o
 .debug_aranges
                0x00000440       0x20 sharp_IRED_PSD_sensor.o
 .debug_aranges
                0x00000460       0x38 stepper_motor.o
 .debug_aranges
                0x00000498       0x80 USART.o
 .debug_aranges
                0x00000518       0x20 vibration_sensor.o

.debug_pubnames
 *(.debug_pubnames)

.debug_info     0x00000000     0xac0b
 *(.debug_info .gnu.linkonce.wi.*)
 .debug_info    0x00000000      0x792 d:/users/arhitect/documents/avr8-gnu-toolchain-3.6.2.1759-win32.any.x86/avr8-gnu-toolchain-win32_x86/bin/../lib/gcc/avr/5.4.0/../../../../avr/lib/avr51/crtatmega1284p.o
 .debug_info    0x00000792      0x11f battery_pack.o
 .debug_info    0x000008b1      0x600 FM25V10.o
 .debug_info    0x00000eb1       0xa6 fuse.o
 .debug_info    0x00000f57      0x666 Garmin_LIDAR_Lite_v3HP.o
 .debug_info    0x000015bd      0x15f i2c.o
 .debug_info    0x0000171c      0x875 lcd_display.o
 .debug_info    0x00001f91     0x7ad4 main.o
 .debug_info    0x00009a65      0x402 PCA9685_PWM_Controller.o
 .debug_info    0x00009e67      0x2bd PCF8575_i2c_Expander.o
 .debug_info    0x0000a124       0xe2 sharp_IRED_PSD_sensor.o
 .debug_info    0x0000a206      0x20a stepper_motor.o
 .debug_info    0x0000a410      0x5c1 USART.o
 .debug_info    0x0000a9d1      0x23a vibration_sensor.o

.debug_abbrev   0x00000000     0x17f2
 *(.debug_abbrev)
 .debug_abbrev  0x00000000      0x729 d:/users/arhitect/documents/avr8-gnu-toolchain-3.6.2.1759-win32.any.x86/avr8-gnu-toolchain-win32_x86/bin/../lib/gcc/avr/5.4.0/../../../../avr/lib/avr51/crtatmega1284p.o
 .debug_abbrev  0x00000729       0xde battery_pack.o
 .debug_abbrev  0x00000807      0x141 FM25V10.o
 .debug_abbrev  0x00000948       0x6f fuse.o
 .debug_abbrev  0x000009b7       0xcd Garmin_LIDAR_Lite_v3HP.o
 .debug_abbrev  0x00000a84       0xc7 i2c.o
 .debug_abbrev  0x00000b4b      0x27f lcd_display.o
 .debug_abbrev  0x00000dca      0x412 main.o
 .debug_abbrev  0x000011dc      0x144 PCA9685_PWM_Controller.o
 .debug_abbrev  0x00001320      0x105 PCF8575_i2c_Expander.o
 .debug_abbrev  0x00001425       0x9e sharp_IRED_PSD_sensor.o
 .debug_abbrev  0x000014c3      0x117 stepper_motor.o
 .debug_abbrev  0x000015da      0x170 USART.o
 .debug_abbrev  0x0000174a       0xa8 vibration_sensor.o

.debug_line     0x00000000     0x4646
 *(.debug_line .debug_line.* .debug_line_end)
 .debug_line    0x00000000       0x1a d:/users/arhitect/documents/avr8-gnu-toolchain-3.6.2.1759-win32.any.x86/avr8-gnu-toolchain-win32_x86/bin/../lib/gcc/avr/5.4.0/../../../../avr/lib/avr51/crtatmega1284p.o
 .debug_line    0x0000001a      0x13d battery_pack.o
 .debug_line    0x00000157      0x421 FM25V10.o
 .debug_line    0x00000578       0xa3 fuse.o
 .debug_line    0x0000061b      0x2ef Garmin_LIDAR_Lite_v3HP.o
 .debug_line    0x0000090a      0x184 i2c.o
 .debug_line    0x00000a8e      0x5c0 lcd_display.o
 .debug_line    0x0000104e     0x2a2d main.o
 .debug_line    0x00003a7b      0x25c PCA9685_PWM_Controller.o
 .debug_line    0x00003cd7      0x183 PCF8575_i2c_Expander.o
 .debug_line    0x00003e5a       0xd8 sharp_IRED_PSD_sensor.o
 .debug_line    0x00003f32      0x1e3 stepper_motor.o
 .debug_line    0x00004115      0x3c3 USART.o
 .debug_line    0x000044d8      0x16e vibration_sensor.o

.debug_frame    0x00000000      0xfd4
 *(.debug_frame)
 .debug_frame   0x00000000       0x54 battery_pack.o
 .debug_frame   0x00000054      0x1b8 FM25V10.o
 .debug_frame   0x0000020c       0x5c Garmin_LIDAR_Lite_v3HP.o
 .debug_frame   0x00000268       0x84 i2c.o
 .debug_frame   0x000002ec      0x128 lcd_display.o
 .debug_frame   0x00000414      0x830 main.o
 .debug_frame   0x00000c44       0x70 PCA9685_PWM_Controller.o
 .debug_frame   0x00000cb4       0x60 PCF8575_i2c_Expander.o
 .debug_frame   0x00000d14       0x24 sharp_IRED_PSD_sensor.o
 .debug_frame   0x00000d38       0x78 stepper_motor.o
 .debug_frame   0x00000db0      0x200 USART.o
 .debug_frame   0x00000fb0       0x24 vibration_sensor.o

.debug_str      0x00000000     0x1722
 *(.debug_str)
 .debug_str     0x00000000      0x296 d:/users/arhitect/documents/avr8-gnu-toolchain-3.6.2.1759-win32.any.x86/avr8-gnu-toolchain-win32_x86/bin/../lib/gcc/avr/5.4.0/../../../../avr/lib/avr51/crtatmega1284p.o
 .debug_str     0x00000296      0x1b6 battery_pack.o
                                0x1ea (size before relaxing)
 .debug_str     0x0000044c      0x126 FM25V10.o
                                0x2b4 (size before relaxing)
 .debug_str     0x00000572       0x25 fuse.o
                                0x18d (size before relaxing)
 .debug_str     0x00000597       0xe3 Garmin_LIDAR_Lite_v3HP.o
                                0x265 (size before relaxing)
 .debug_str     0x0000067a       0x21 i2c.o
                                0x1d0 (size before relaxing)
 .debug_str     0x0000069b      0x177 lcd_display.o
                                0x324 (size before relaxing)
 .debug_str     0x00000812      0xc51 main.o
                                0xfcb (size before relaxing)
 .debug_str     0x00001463       0x9a PCA9685_PWM_Controller.o
                                0x2b5 (size before relaxing)
 .debug_str     0x000014fd       0x8f PCF8575_i2c_Expander.o
                                0x256 (size before relaxing)
 .debug_str     0x0000158c       0x31 sharp_IRED_PSD_sensor.o
                                0x1b8 (size before relaxing)
 .debug_str     0x000015bd       0x55 stepper_motor.o
                                0x233 (size before relaxing)
 .debug_str     0x00001612       0xb2 USART.o
                                0x2db (size before relaxing)
 .debug_str     0x000016c4       0x5e vibration_sensor.o
                                0x226 (size before relaxing)

.debug_loc      0x00000000     0x62a1
 *(.debug_loc)
 .debug_loc     0x00000000       0xc2 battery_pack.o
 .debug_loc     0x000000c2      0x463 FM25V10.o
 .debug_loc     0x00000525      0x259 Garmin_LIDAR_Lite_v3HP.o
 .debug_loc     0x0000077e       0x2d i2c.o
 .debug_loc     0x000007ab      0xb73 lcd_display.o
 .debug_loc     0x0000131e     0x3f45 main.o
 .debug_loc     0x00005263      0x2e8 PCA9685_PWM_Controller.o
 .debug_loc     0x0000554b      0x126 PCF8575_i2c_Expander.o
 .debug_loc     0x00005671       0x36 sharp_IRED_PSD_sensor.o
 .debug_loc     0x000056a7      0x162 stepper_motor.o
 .debug_loc     0x00005809      0xa98 USART.o

.debug_macinfo
 *(.debug_macinfo)

.debug_weaknames
 *(.debug_weaknames)

.debug_funcnames
 *(.debug_funcnames)

.debug_typenames
 *(.debug_typenames)

.debug_varnames
 *(.debug_varnames)

.debug_pubtypes
 *(.debug_pubtypes)

.debug_ranges   0x00000000      0x780
 *(.debug_ranges)
 .debug_ranges  0x00000000       0x20 battery_pack.o
 .debug_ranges  0x00000020       0x88 FM25V10.o
 .debug_ranges  0x000000a8       0x20 Garmin_LIDAR_Lite_v3HP.o
 .debug_ranges  0x000000c8       0x40 i2c.o
 .debug_ranges  0x00000108       0xf8 lcd_display.o
 .debug_ranges  0x00000200      0x490 main.o
 .debug_ranges  0x00000690       0x18 PCA9685_PWM_Controller.o
 .debug_ranges  0x000006a8       0x20 PCF8575_i2c_Expander.o
 .debug_ranges  0x000006c8       0x10 sharp_IRED_PSD_sensor.o
 .debug_ranges  0x000006d8       0x28 stepper_motor.o
 .debug_ranges  0x00000700       0x70 USART.o
 .debug_ranges  0x00000770       0x10 vibration_sensor.o

.debug_macro
 *(.debug_macro)
OUTPUT(Physalis_Kenji_X1_version_5.8.elf elf32-avr)
LOAD linker stubs
